[0.033s] Invoking command in '/home/hiago/ros2_arm/build/my_robot_description': /usr/bin/cmake /home/hiago/ros2_arm/src/my_robot_description -DCMAKE_INSTALL_PREFIX=/home/hiago/ros2_arm/install/my_robot_description
[0.950s] -- The C compiler identification is GNU 13.3.0
[1.331s] -- The CXX compiler identification is GNU 13.3.0
[1.728s] -- Detecting C compiler ABI info
[2.146s] -- Detecting C compiler ABI info - done
[2.153s] -- Check for working C compiler: /usr/bin/cc - skipped
[2.169s] -- Detecting C compile features
[2.179s] -- Detecting C compile features - done
[2.278s] -- Detecting CXX compiler ABI info
[2.496s] -- Detecting CXX compiler ABI info - done
[2.505s] -- Check for working CXX compiler: /usr/bin/c++ - skipped
[2.505s] -- Detecting CXX compile features
[2.505s] -- Detecting CXX compile features - done
[2.906s] [31mCMake Error at CMakeLists.txt:9 (find_package):
[2.906s]   By not providing "Findament_cmake.cmake" in CMAKE_MODULE_PATH this project
[2.906s]   has asked CMake to find a package configuration file provided by
[2.906s]   "ament_cmake", but CMake did not find one.
[2.906s] 
[2.907s]   Could not find a package configuration file provided by "ament_cmake" with
[2.907s]   any of the following names:
[2.907s] 
[2.907s]     ament_cmakeConfig.cmake
[2.907s]     ament_cmake-config.cmake
[2.907s] 
[2.907s]   Add the installation prefix of "ament_cmake" to CMAKE_PREFIX_PATH or set
[2.907s]   "ament_cmake_DIR" to a directory containing one of the above files.  If
[2.907s]   "ament_cmake" provides a separate development package or SDK, be sure it
[2.907s]   has been installed.
[2.907s] 
[2.907s] [0m
[2.907s] -- Configuring incomplete, errors occurred!
[2.912s] Invoked command in '/home/hiago/ros2_arm/build/my_robot_description' returned '1': /usr/bin/cmake /home/hiago/ros2_arm/src/my_robot_description -DCMAKE_INSTALL_PREFIX=/home/hiago/ros2_arm/install/my_robot_description
