[0.012s] Invoking command in '/home/hiago/ros2_arm/build/my_robot_description': CMAKE_PREFIX_PATH=${CMAKE_PREFIX_PATH}:/opt/ros/jazzy /usr/bin/cmake /home/hiago/ros2_arm/src/my_robot_description -DCMAKE_INSTALL_PREFIX=/home/hiago/ros2_arm/install/my_robot_description
[0.054s] -- Found ament_cmake: 2.5.6 (/opt/ros/jazzy/share/ament_cmake/cmake)
[0.229s] -- Found Python3: /usr/bin/python3 (found version "3.12.3") found components: Interpreter 
[0.503s] -- Configuring done (0.5s)
[0.511s] -- Generating done (0.0s)
[0.514s] -- Build files have been written to: /home/hiago/ros2_arm/build/my_robot_description
[0.518s] Invoked command in '/home/hiago/ros2_arm/build/my_robot_description' returned '0': CMAKE_PREFIX_PATH=${CMAKE_PREFIX_PATH}:/opt/ros/jazzy /usr/bin/cmake /home/hiago/ros2_arm/src/my_robot_description -DCMAKE_INSTALL_PREFIX=/home/hiago/ros2_arm/install/my_robot_description
[0.520s] Invoking command in '/home/hiago/ros2_arm/build/my_robot_description': CMAKE_PREFIX_PATH=${CMAKE_PREFIX_PATH}:/opt/ros/jazzy /usr/bin/cmake --build /home/hiago/ros2_arm/build/my_robot_description -- -j12 -l12
[0.582s] Invoked command in '/home/hiago/ros2_arm/build/my_robot_description' returned '0': CMAKE_PREFIX_PATH=${CMAKE_PREFIX_PATH}:/opt/ros/jazzy /usr/bin/cmake --build /home/hiago/ros2_arm/build/my_robot_description -- -j12 -l12
[0.615s] Invoking command in '/home/hiago/ros2_arm/build/my_robot_description': CMAKE_PREFIX_PATH=${CMAKE_PREFIX_PATH}:/opt/ros/jazzy /usr/bin/cmake --install /home/hiago/ros2_arm/build/my_robot_description
[0.616s] -- Install configuration: ""
[0.616s] -- Installing: /home/hiago/ros2_arm/install/my_robot_description/share/my_robot_description/launch
[0.617s] -- Installing: /home/hiago/ros2_arm/install/my_robot_description/share/my_robot_description/launch/display.launch.xml
[0.617s] -- Installing: /home/hiago/ros2_arm/install/my_robot_description/share/my_robot_description/rviz
[0.617s] -- Installing: /home/hiago/ros2_arm/install/my_robot_description/share/my_robot_description/rviz/urdf_config.rviz
[0.617s] -- Installing: /home/hiago/ros2_arm/install/my_robot_description/share/my_robot_description/urdf
[0.617s] -- Installing: /home/hiago/ros2_arm/install/my_robot_description/share/my_robot_description/urdf/common_properties.xacro
[0.617s] -- Installing: /home/hiago/ros2_arm/install/my_robot_description/share/my_robot_description/urdf/arm.xacro
[0.617s] -- Installing: /home/hiago/ros2_arm/install/my_robot_description/share/my_robot_description/urdf/my_robot.urdf.xacro
[0.617s] -- Installing: /home/hiago/ros2_arm/install/my_robot_description/share/ament_index/resource_index/package_run_dependencies/my_robot_description
[0.617s] -- Installing: /home/hiago/ros2_arm/install/my_robot_description/share/ament_index/resource_index/parent_prefix_path/my_robot_description
[0.617s] -- Installing: /home/hiago/ros2_arm/install/my_robot_description/share/my_robot_description/environment/ament_prefix_path.sh
[0.617s] -- Installing: /home/hiago/ros2_arm/install/my_robot_description/share/my_robot_description/environment/ament_prefix_path.dsv
[0.618s] -- Installing: /home/hiago/ros2_arm/install/my_robot_description/share/my_robot_description/environment/path.sh
[0.618s] -- Installing: /home/hiago/ros2_arm/install/my_robot_description/share/my_robot_description/environment/path.dsv
[0.618s] -- Installing: /home/hiago/ros2_arm/install/my_robot_description/share/my_robot_description/local_setup.bash
[0.618s] -- Installing: /home/hiago/ros2_arm/install/my_robot_description/share/my_robot_description/local_setup.sh
[0.618s] -- Installing: /home/hiago/ros2_arm/install/my_robot_description/share/my_robot_description/local_setup.zsh
[0.618s] -- Installing: /home/hiago/ros2_arm/install/my_robot_description/share/my_robot_description/local_setup.dsv
[0.618s] -- Installing: /home/hiago/ros2_arm/install/my_robot_description/share/my_robot_description/package.dsv
[0.618s] -- Installing: /home/hiago/ros2_arm/install/my_robot_description/share/ament_index/resource_index/packages/my_robot_description
[0.619s] -- Installing: /home/hiago/ros2_arm/install/my_robot_description/share/my_robot_description/cmake/my_robot_descriptionConfig.cmake
[0.619s] -- Installing: /home/hiago/ros2_arm/install/my_robot_description/share/my_robot_description/cmake/my_robot_descriptionConfig-version.cmake
[0.619s] -- Installing: /home/hiago/ros2_arm/install/my_robot_description/share/my_robot_description/package.xml
[0.623s] Invoked command in '/home/hiago/ros2_arm/build/my_robot_description' returned '0': CMAKE_PREFIX_PATH=${CMAKE_PREFIX_PATH}:/opt/ros/jazzy /usr/bin/cmake --install /home/hiago/ros2_arm/build/my_robot_description
